../Core/Inc/maincode.h:71:6:userRTOS	16	static
../Core/Inc/maincode.h:139:6:vDisplayManager	24	static
../Core/Inc/maincode.h:169:6:vTaskGerarQueueCorrente	40	static
../Core/Inc/maincode.h:192:6:vTaskGerarQueueVelAngular	40	static
../Core/Inc/maincode.h:215:6:vTaskGerarQueuePosicao	40	static
../Core/Inc/maincode.h:238:6:vTaskQueueCorrenteReader	48	static
../Core/Inc/maincode.h:255:6:vTaskQueueVelAngularReader	120	static
../Core/Inc/maincode.h:298:6:vTaskQueuePosicaoReader	48	static
../Core/Inc/maincode.h:317:6:inicializar	8	static
../Core/Inc/maincode.h:324:6:funcScaleXGraph	64	static
../Core/Inc/maincode.h:336:6:funcBaseTela1	16	static
../Core/Inc/maincode.h:345:6:funcBaseTela2	16	static
../Core/Inc/maincode.h:354:6:funcBaseTela3	16	static
../Core/Inc/maincode.h:362:6:baseTela	24	static
../Core/Inc/maincode.h:381:6:funcDadosTela1	80	static
../Core/Inc/maincode.h:409:6:funcDadosTela2	80	static
../Core/Inc/maincode.h:436:6:funcDadosTela3	64	static
../Core/Inc/maincode.h:455:6:dadosTela	16	static
../Core/Src/main.c:76:5:main	8	static
../Core/Src/main.c:158:6:SystemClock_Config	88	static
../Core/Src/main.c:200:13:MX_SPI1_Init	8	static
../Core/Src/main.c:238:13:MX_GPIO_Init	40	static
../Core/Src/main.c:284:6:StartDefaultTask	16	static
../Core/Src/main.c:303:6:HAL_TIM_PeriodElapsedCallback	16	static
../Core/Src/main.c:320:6:Error_Handler	4	static,ignoring_inline_asm
